2026-06-07 15:49:22 - Changed to directory: D:\google\github desktop\xxxx
2026-06-07 15:49:23 - Committed changes: 2026-06-07 15:49:22
2026-06-07 15:49:26 - Pushed to remote successfully
2026-06-07 15:52:35 - Changed to directory: D:\google\github desktop\xxxx
2026-06-07 15:52:36 - No changes to commit
2026-06-07 16:06:05 - Changed to directory: D:\google\github desktop\xxxx
2026-06-07 16:06:05 - No changes to commit
2026-06-07 16:09:03 - Changed to: D:\google\github desktop\xxxx
2026-06-07 16:09:03 - No changes
2026-06-07 16:11:52 - Changed to: D:\google\github desktop\xxxx
2026-06-07 16:11:52 - No changes
2026-06-07 16:20:09 - Changed to: D:\google\github desktop\xxxx
2026-06-07 16:20:09 - Committed: 2026-06-07 16:20:09
2026-06-07 16:20:13 - Pushed
2026-06-07 16:43:56 - Changed to: D:\google\github desktop\xxxx
2026-06-07 16:43:56 - No changes
2026-06-07 20:34:08 - Start
2026-06-07 20:34:08 - No changes
2026-06-07 20:34:09 - Temp cleaned
2026-06-07 20:46:50 - Start
2026-06-07 20:46:50 - No changes
2026-06-07 20:46:50 - Temp cleaned
2026-06-07 20:57:59 - Start
2026-06-07 20:57:59 - No changes
2026-06-07 20:57:59 - Temp cleaned
2026-06-07 21:37:14 - Start
2026-06-07 21:37:15 - Commit
git : fatal: unable to access 'https://github.com/xtt-ggyyx/obsidian-notes.git/': Failed to connect to github.com port 
443 after 21097 ms: Could not connect to server
所在位置 D:\scripts\obsidian-backup.ps1:8 字符: 157
+ ... DE -ne 0){throw "git commit failed"};g "Commit";git push 2>&1|Out-Fil ...
+                                                     ~~~~~~~~~~~~~
    + CategoryInfo          : NotSpecified: (fatal: unable t...nnect to server:String) [], RemoteException
    + FullyQualifiedErrorId : NativeCommandError
 
2026-06-07 21:37:36 - ERROR: git push failed
2026-06-07 21:47:18 - Start
2026-06-07 21:47:19 - No changes
2026-06-07 21:47:19 - User temp cleaned
2026-06-07 21:50:01 - Start
2026-06-07 21:50:02 - Commit
git : To https://github.com/xtt-ggyyx/obsidian-notes.git
所在位置 D:\scripts\obsidian-backup.ps1:8 字符: 157
+ ... DE -ne 0){throw "git commit failed"};g "Commit";git push 2>&1|Out-Fil ...
+                                                     ~~~~~~~~~~~~~
    + CategoryInfo          : NotSpecified: (To https://gith...idian-notes.git:String) [], RemoteException
    + FullyQualifiedErrorId : NativeCommandError
 
   4f53060..8208df4  main -> main
2026-06-07 21:50:05 - Pushed
2026-06-07 21:50:05 - User temp cleaned
2026-06-07 22:10:19 - Start
2026-06-07 22:10:19 - No changes
2026-06-07 22:10:19 - User temp cleaned
2026-06-07 22:13:47 - Start
2026-06-07 22:13:47 - No changes
2026-06-07 22:13:47 - User temp cleaned
2026-06-07 22:14:15 - Start
2026-06-07 22:14:16 - Commit
git : To https://github.com/xtt-ggyyx/obsidian-notes.git
所在位置 D:\scripts\obsidian-backup.ps1:8 字符: 157
+ ... DE -ne 0){throw "git commit failed"};g "Commit";git push 2>&1|Out-Fil ...
+                                                     ~~~~~~~~~~~~~
    + CategoryInfo          : NotSpecified: (To https://gith...idian-notes.git:String) [], RemoteException
    + FullyQualifiedErrorId : NativeCommandError
 
   bada2eb..bd73742  main -> main
2026-06-07 22:14:19 - Pushed
2026-06-07 22:14:19 - User temp cleaned
2026-06-19 20:13:12 - Start
2026-06-19 20:13:12 - Commit
git : To https://github.com/xtt-ggyyx/obsidian-notes.git
所在位置 D:\google\github desktop\xxxx\scripts\obsidian-backup.ps1:8 字符: 157
+ ... DE -ne 0){throw "git commit failed"};g "Commit";git push 2>&1|Out-Fil ...
+                                                     ~~~~~~~~~~~~~
    + CategoryInfo          : NotSpecified: (To https://gith...idian-notes.git:String) [], RemoteException
    + FullyQualifiedErrorId : NativeCommandError
 
   cbc88b6..686d414  main -> main
2026-06-19 20:13:15 - Pushed
2026-06-19 20:13:28 - User temp cleaned
2026-06-22 08:29:09 - Start
2026-06-22 08:29:09 - Commit
git : To https://github.com/xtt-ggyyx/obsidian-notes.git
所在位置 D:\keil5\obsidian\obsidian-notes\scripts\obsidian-backup.ps1:8 字符: 157
+ ... DE -ne 0){throw "git commit failed"};g "Commit";git push 2>&1|Out-Fil ...
+                                                     ~~~~~~~~~~~~~
    + CategoryInfo          : NotSpecified: (To https://gith...idian-notes.git:String) [], RemoteException
    + FullyQualifiedErrorId : NativeCommandError
 
   c2c911f..7531f74  main -> main
2026-06-22 08:29:16 - Pushed
2026-06-22 08:29:16 - User temp cleaned
2026-06-22 08:37:56 - Start
2026-06-22 08:37:56 - Commit
git : To https://github.com/xtt-ggyyx/obsidian-notes.git
所在位置 D:\keil5\obsidian\obsidian-notes\scripts\obsidian-backup.ps1:8 字符: 157
+ ... DE -ne 0){throw "git commit failed"};g "Commit";git push 2>&1|Out-Fil ...
+                                                     ~~~~~~~~~~~~~
    + CategoryInfo          : NotSpecified: (To https://gith...idian-notes.git:String) [], RemoteException
    + FullyQualifiedErrorId : NativeCommandError
 
   7531f74..d445159  main -> main
2026-06-22 08:38:00 - Pushed
2026-06-22 08:38:00 - User temp cleaned
2026-06-22 08:44:09 - Start
2026-06-22 08:44:09 - Commit
git : fatal: unable to access 'https://github.com/xtt-ggyyx/obsidian-notes.git/': Recv failure: Connection was reset
所在位置 D:\keil5\obsidian\obsidian-notes\scripts\obsidian-backup.ps1:8 字符: 157
+ ... DE -ne 0){throw "git commit failed"};g "Commit";git push 2>&1|Out-Fil ...
+                                                     ~~~~~~~~~~~~~
    + CategoryInfo          : NotSpecified: (fatal: unable t...ction was reset:String) [], RemoteException
    + FullyQualifiedErrorId : NativeCommandError
 
2026-06-22 08:44:31 - ERROR: git push failed
2026-06-22 08:44:35 - Start
2026-06-22 08:44:35 - Commit
git : To https://github.com/xtt-ggyyx/obsidian-notes.git
所在位置 D:\keil5\obsidian\obsidian-notes\scripts\obsidian-backup.ps1:8 字符: 157
+ ... DE -ne 0){throw "git commit failed"};g "Commit";git push 2>&1|Out-Fil ...
+                                                     ~~~~~~~~~~~~~
    + CategoryInfo          : NotSpecified: (To https://gith...idian-notes.git:String) [], RemoteException
    + FullyQualifiedErrorId : NativeCommandError
 
   d445159..0a860eb  main -> main
2026-06-22 08:44:38 - Pushed
2026-06-22 08:44:38 - User temp cleaned
2026-06-22 17:41:31 - Start
2026-06-22 17:41:31 - Commit
2026-06-22 17:41:46 - Start
2026-06-22 17:41:46 - ERROR: git commit failed
